2026-01-04 19:01:40 | Tor IP: 9.9.9.9 | Real IP: 1.2.3.4 | Status: ✅ Tor IP changed: 9.9.9.9
2026-01-04 19:01:40 | Tor IP: 9.9.9.9 | Real IP: 1.2.3.4 | Status: ℹ️ Tor IP unchanged: 9.9.9.9
2026-01-04 19:01:40 | Tor IP: 9.9.9.9 | Real IP: 1.2.3.4 | Status: ℹ️ Tor IP unchanged: 9.9.9.9
2026-01-04 19:01:59 | Tor IP: 9.9.9.9 | Real IP: 1.2.3.4 | Status: ✅ Tor IP changed: 9.9.9.9
2026-01-04 19:01:59 | Tor IP: 9.9.9.9 | Real IP: 1.2.3.4 | Status: ℹ️ Tor IP unchanged: 9.9.9.9
2026-01-04 19:01:59 | Tor IP: 9.9.9.9 | Real IP: 1.2.3.4 | Status: ℹ️ Tor IP unchanged: 9.9.9.9
2026-01-04 19:02:11 | Tor IP: 9.9.9.9 | Real IP: 1.2.3.4 | Status: ✅ Tor IP changed: 9.9.9.9
2026-01-04 19:02:11 | Tor IP: 9.9.9.9 | Real IP: 1.2.3.4 | Status: ℹ️ Tor IP unchanged: 9.9.9.9
2026-01-04 19:02:11 | Tor IP: 9.9.9.9 | Real IP: 1.2.3.4 | Status: ℹ️ Tor IP unchanged: 9.9.9.9
2026-01-04 19:02:20 | Tor IP: 9.9.9.9 | Real IP: 1.2.3.4 | Status: ✅ Tor IP changed: 9.9.9.9
2026-01-04 19:02:20 | Tor IP: 9.9.9.9 | Real IP: 1.2.3.4 | Status: ℹ️ Tor IP unchanged: 9.9.9.9
2026-01-04 19:02:20 | Tor IP: 9.9.9.9 | Real IP: 1.2.3.4 | Status: ℹ️ Tor IP unchanged: 9.9.9.9
2026-01-04 19:04:25 | Tor IP: 9.9.9.9 | Real IP: 1.2.3.4 | Status: ✅ Tor IP changed: 9.9.9.9
2026-01-04 19:04:25 | Tor IP: 9.9.9.9 | Real IP: 1.2.3.4 | Status: ℹ️ Tor IP unchanged: 9.9.9.9
2026-01-04 19:04:25 | Tor IP: 9.9.9.9 | Real IP: 1.2.3.4 | Status: ℹ️ Tor IP unchanged: 9.9.9.9
